Microchip MPLAB XC8 Compiler V2.40

Linker command line:

-W-3 \
  --edf=C:\Program Files\Microchip\xc8\v2.40\pic\dat\20220703182018_en.msgs \
  -cn -h+dist/default/production\ProjectFinal.X.production.sym \
  --cmf=dist/default/production\ProjectFinal.X.production.cmf -z -Q18F57Q43 \
  -oC:\Users\gusta\AppData\Local\Temp\xcAshtg.4 --defsym=__MPLAB_BUILD=1 \
  --fixupoverflow=error \
  -Mdist/default/production/ProjectFinal.X.production.map \
  --md=C:\Users\gusta\AppData\Local\Temp\xcAshtg.dat -E1 -ver=XC8 Compiler \
  --acfsm=1493 -ACODE=00h-01FFFFh -ACONST=00h-01FFFFh \
  -ASMALLCONST=02600h-026FFhx474 \
  -AMEDIUMCONST=02600h-0FFFFh,012600h-01FFFFh -ACOMRAM=0501h-055Fh \
  -AABS1=0500h-024FFh -ABIGRAM=0501h-024FFh \
  -ARAM=0560h-05FFh,0600h-06FFhx31 -ABANK5=0560h-05FFh -ABANK6=0600h-06FFh \
  -ABANK7=0700h-07FFh -ABANK8=0800h-08FFh -ABANK9=0900h-09FFh \
  -ABANK10=0A00h-0AFFh -ABANK11=0B00h-0BFFh -ABANK12=0C00h-0CFFh \
  -ABANK13=0D00h-0DFFh -ABANK14=0E00h-0EFFh -ABANK15=0F00h-0FFFh \
  -ABANK16=01000h-010FFh -ABANK17=01100h-011FFh -ABANK18=01200h-012FFh \
  -ABANK19=01300h-013FFh -ABANK20=01400h-014FFh -ABANK21=01500h-015FFh \
  -ABANK22=01600h-016FFh -ABANK23=01700h-017FFh -ABANK24=01800h-018FFh \
  -ABANK25=01900h-019FFh -ABANK26=01A00h-01AFFh -ABANK27=01B00h-01BFFh \
  -ABANK28=01C00h-01CFFh -ABANK29=01D00h-01DFFh -ABANK30=01E00h-01EFFh \
  -ABANK31=01F00h-01FFFh -ABANK32=02000h-020FFh -ABANK33=02100h-021FFh \
  -ABANK34=02200h-022FFh -ABANK35=02300h-023FFh -ABANK36=02400h-024FFh \
  -ASFR=00h-0FFhx4,0400h-045Fh,0460h-04FFh,02500h-025FFh \
  -ABIGSFR=00h-04FFh,02500h-025FFh -ACONFIG=0300000h-0300011h \
  -AIDLOC=0200000h-020003Fh -AEEDATA=0380000h-03803FFh -peeprom_data=EEDATA \
  -preset_vec=00h -ppowerup=CODE,init -pramtop=02600h \
  -psmallconst=SMALLCONST -pmediumconst=MEDIUMCONST -pconst=CONST \
  -AFARRAM=00h-00h \
  -prdata=COMRAM,nvrram=COMRAM,nvbit=COMRAM,rbss=COMRAM,rbit=COMRAM \
  -pfarbss=FARRAM,fardata=FARRAM,nvFARRAM=FARRAM \
  -pintsave_regs=BIGRAM,bigbss=BIGRAM,bigdata=BIGRAM -pbss=RAM \
  -pidata=CODE,irdata=CODE,ibigdata=CODE,ifardata=CODE -prparam=COMRAM \
  C:\Users\gusta\AppData\Local\Temp\xcAshtg.o \
  dist/default/production\ProjectFinal.X.production.o 

Object code version is 3.11

Machine type is 18F57Q43



                Name                               Link     Load   Length Selector   Space Scale
C:\Users\gusta\AppData\Local\Temp\xcAshtg.o
                idloc                            200000   200000       40        0       5
                config                           300000   300000        A        0       4
                init                              1FFFC    1FFFC        4     FFFE       0
                reset_vec                             0        0        4        0       0
dist/default/production\ProjectFinal.X.production.o
                idloc                            200000   200000       40        0       5
                config                           300000   300000        A        0       4
                smallconst                         2600     2600       12     1300       0
                text15                             2878     2878       30     1309       0
                text14                             2792     2792       5C     1309       0
                text13                             2942     2942       14     1309       0
                text12                             28F6     28F6       1C     1309       0
                text11                             2612     2612       A8     1309       0
                text10                             28D2     28D2       24     1309       0
                text9                              2984     2984        E     1309       0
                text8                              2976     2976        E     1309       0
                text7                              2968     2968        E     1309       0
                text6                              26BA     26BA       74     1309       0
                text5                              2912     2912       1A     1309       0
                text4                              292C     292C       16     1309       0
                text3                              28A8     28A8       2A     1309       0
                text2                              272E     272E       64     1309       0
                text1                              27EE     27EE       52     1309       0
                text0                              2840     2840       38     1309       0
                cstackCOMRAM                        50A      50A        7      501       1
                bssCOMRAM                           511      511        6      501       1
                cinit                              2956     2956       12     1309       0
                nvCOMRAM                            501      501        9      501       1

TOTAL           Name                               Link     Load   Length     Space
        CLASS   CODE           
                init                              1FFFC    1FFFC        4         0
                reset_vec                             0        0        4         0
                text15                             2878     2878       30         0
                text14                             2792     2792       5C         0
                text13                             2942     2942       14         0
                text12                             28F6     28F6       1C         0
                text11                             2612     2612       A8         0
                text10                             28D2     28D2       24         0
                text9                              2984     2984        E         0
                text8                              2976     2976        E         0
                text7                              2968     2968        E         0
                text6                              26BA     26BA       74         0
                text5                              2912     2912       1A         0
                text4                              292C     292C       16         0
                text3                              28A8     28A8       2A         0
                text2                              272E     272E       64         0
                text1                              27EE     27EE       52         0
                text0                              2840     2840       38         0
                cinit                              2956     2956       12         0

        CLASS   CONST          

        CLASS   SMALLCONST     
                smallconst                         2600     2600       12         0

        CLASS   MEDIUMCONST    

        CLASS   COMRAM         
                cstackCOMRAM                        50A      50A        7         1
                bssCOMRAM                           511      511        6         1
                nvCOMRAM                            501      501        9         1

        CLASS   ABS1           

        CLASS   BIGRAM         

        CLASS   RAM            

        CLASS   BANK5          

        CLASS   BANK6          

        CLASS   BANK7          

        CLASS   BANK8          

        CLASS   BANK9          

        CLASS   BANK10         

        CLASS   BANK11         

        CLASS   BANK12         

        CLASS   BANK13         

        CLASS   BANK14         

        CLASS   BANK15         

        CLASS   BANK16         

        CLASS   BANK17         

        CLASS   BANK18         

        CLASS   BANK19         

        CLASS   BANK20         

        CLASS   BANK21         

        CLASS   BANK22         

        CLASS   BANK23         

        CLASS   BANK24         

        CLASS   BANK25         

        CLASS   BANK26         

        CLASS   BANK27         

        CLASS   BANK28         

        CLASS   BANK29         

        CLASS   BANK30         

        CLASS   BANK31         

        CLASS   BANK32         

        CLASS   BANK33         

        CLASS   BANK34         

        CLASS   BANK35         

        CLASS   BANK36         

        CLASS   SFR            

        CLASS   BIGSFR         

        CLASS   CONFIG         
                config                           300000   300000        A         4

        CLASS   IDLOC          
                idloc                            200000   200000       40         5

        CLASS   EEDATA         

        CLASS   FARRAM         

        CLASS   HEAP           

        CLASS   STACK          



SEGMENTS        Name                           Load    Length   Top    Selector   Space  Class

                reset_vec                      000000  000004  000004         0       0  CODE    
                nvCOMRAM                       000501  000016  000517       501       1  COMRAM  
                smallconst                     002600  000012  002612      1300       0  SMALLCON
                text11                         002612  000380  002992      1309       0  CODE    
                init                           01FFFC  000004  020000      FFFE       0  CODE    


UNUSED ADDRESS RANGES

        Name                Unused          Largest block    Delta
        BANK10           000A00-000AFF              100
        BANK11           000B00-000BFF              100
        BANK12           000C00-000CFF              100
        BANK13           000D00-000DFF              100
        BANK14           000E00-000EFF              100
        BANK15           000F00-000FFF              100
        BANK16           001000-0010FF              100
        BANK17           001100-0011FF              100
        BANK18           001200-0012FF              100
        BANK19           001300-0013FF              100
        BANK20           001400-0014FF              100
        BANK21           001500-0015FF              100
        BANK22           001600-0016FF              100
        BANK23           001700-0017FF              100
        BANK24           001800-0018FF              100
        BANK25           001900-0019FF              100
        BANK26           001A00-001AFF              100
        BANK27           001B00-001BFF              100
        BANK28           001C00-001CFF              100
        BANK29           001D00-001DFF              100
        BANK30           001E00-001EFF              100
        BANK31           001F00-001FFF              100
        BANK32           002000-0020FF              100
        BANK33           002100-0021FF              100
        BANK34           002200-0022FF              100
        BANK35           002300-0023FF              100
        BANK36           002400-0024FF              100
        BANK5            000560-0005FF               A0
        BANK6            000600-0006FF              100
        BANK7            000700-0007FF              100
        BANK8            000800-0008FF              100
        BANK9            000900-0009FF              100
        BIGRAM           000517-0024FF             1FE9
        BIGSFR           000000-0004FF              500
                         002500-0025FF              100
        CODE             000004-0025FF             25FC
                         002992-01FFFB            1D66A
        COMRAM           000517-00055F               49
        CONFIG           30000A-300011                8
        CONST            000004-0025FF             25FC
                         002992-01FFFB            1D66A
        EEDATA           380000-3803FF              400
        MEDIUMCONST      002992-00FFFF             D66E
                         012600-01FFFB             D9FC
        RAM              000560-0024FF              100
        SFR              000000-0004FF              100
                         002500-0025FF              100
        SMALLCONST       002992-01FFFB              100

                                  Symbol Table

?_ADCC_GetSingleConversion                    cstackCOMRAM 00050A
ADCC_GetSingleConversion@channel              cstackCOMRAM 00050E
Send_ADC_to_UART@i                            cstackCOMRAM 00050B
UART1_SetErrorHandler@interruptHandler        cstackCOMRAM 00050A
UART1_SetFramingErrorHandler@interruptHandler cstackCOMRAM 00050A
UART1_SetOverrunErrorHandler@interruptHandler cstackCOMRAM 00050A
UART1_Write@txData                            cstackCOMRAM 00050A
UART1_sendString@str                          cstackCOMRAM 00050B
_ACTCON                                       (abs)        0000AC
_ADACCH                                       (abs)        0003E4
_ADACCL                                       (abs)        0003E3
_ADACCU                                       (abs)        0003E5
_ADACQH                                       (abs)        0003EF
_ADACQL                                       (abs)        0003EE
_ADACT                                        (abs)        0003F9
_ADCAP                                        (abs)        0003F0
_ADCC_GetSingleConversion                     text15       002878
_ADCC_Initialize                              text14       002792
_ADCLK                                        (abs)        0003FA
_ADCNT                                        (abs)        0003E6
_ADCON0                                       (abs)        0003F3
_ADCON0bits                                   (abs)        0003F3
_ADCON1                                       (abs)        0003F4
_ADCON1bits                                   (abs)        0003F4
_ADCON2                                       (abs)        0003F5
_ADCON2bits                                   (abs)        0003F5
_ADCON3                                       (abs)        0003F6
_ADCON3bits                                   (abs)        0003F6
_ADERRH                                       (abs)        0003DE
_ADERRL                                       (abs)        0003DD
_ADFLTRH                                      (abs)        0003E2
_ADFLTRL                                      (abs)        0003E1
_ADLTHH                                       (abs)        0003DA
_ADLTHL                                       (abs)        0003D9
_ADPCH                                        (abs)        0003EC
_ADPREH                                       (abs)        0003F2
_ADPREL                                       (abs)        0003F1
_ADPREVH                                      (abs)        0003E9
_ADPREVL                                      (abs)        0003E8
_ADREF                                        (abs)        0003F8
_ADRESH                                       (abs)        0003EB
_ADRESL                                       (abs)        0003EA
_ADRPT                                        (abs)        0003E7
_ADSTAT                                       (abs)        0003F7
_ADSTATbits                                   (abs)        0003F7
_ADSTPTH                                      (abs)        0003E0
_ADSTPTL                                      (abs)        0003DF
_ADUTHH                                       (abs)        0003DC
_ADUTHL                                       (abs)        0003DB
_ANSELA                                       (abs)        000400
_ANSELB                                       (abs)        000408
_ANSELC                                       (abs)        000410
_ANSELD                                       (abs)        000418
_ANSELE                                       (abs)        000420
_ANSELF                                       (abs)        000428
_CCP1CAP                                      (abs)        000343
_CCP1CON                                      (abs)        000342
_CCP1_Initialize                              text13       002942
_CCPR1H                                       (abs)        000341
_CCPR1L                                       (abs)        000340
_INLVLA                                       (abs)        000404
_INLVLB                                       (abs)        00040C
_INLVLC                                       (abs)        000414
_INLVLD                                       (abs)        00041C
_INLVLE                                       (abs)        000424
_INLVLF                                       (abs)        00042C
_LATA                                         (abs)        0004BE
_LATB                                         (abs)        0004BF
_LATC                                         (abs)        0004C0
_LATD                                         (abs)        0004C1
_LATE                                         (abs)        0004C2
_LATF                                         (abs)        0004C3
_ODCONA                                       (abs)        000402
_ODCONB                                       (abs)        00040A
_ODCONC                                       (abs)        000412
_ODCOND                                       (abs)        00041A
_ODCONE                                       (abs)        000422
_ODCONF                                       (abs)        00042A
_OSCCON1                                      (abs)        0000AD
_OSCCON3                                      (abs)        0000AF
_OSCEN                                        (abs)        0000B3
_OSCFRQ                                       (abs)        0000B1
_OSCILLATOR_Initialize                        text12       0028F6
_OSCTUNE                                      (abs)        0000B0
_PIN_MANAGER_Initialize                       text11       002612
_PIR4bits                                     (abs)        0004B2
_PMD0                                         (abs)        000060
_PMD1                                         (abs)        000061
_PMD3                                         (abs)        000063
_PMD4                                         (abs)        000064
_PMD5                                         (abs)        000065
_PMD6                                         (abs)        000066
_PMD7                                         (abs)        000067
_PMD8                                         (abs)        000068
_PMD_Initialize                               text10       0028D2
_RB1I2C                                       (abs)        000289
_RB2I2C                                       (abs)        000288
_RC3I2C                                       (abs)        000287
_RC4I2C                                       (abs)        000286
_RC6PPS                                       (abs)        000217
_SLRCONA                                      (abs)        000403
_SLRCONB                                      (abs)        00040B
_SLRCONC                                      (abs)        000413
_SLRCOND                                      (abs)        00041B
_SLRCONE                                      (abs)        000423
_SLRCONF                                      (abs)        00042B
_SYSTEM_Initialize                            text5        002912
_Send_ADC_to_UART                             text2        00272E
_TRISA                                        (abs)        0004C6
_TRISB                                        (abs)        0004C7
_TRISC                                        (abs)        0004C8
_TRISD                                        (abs)        0004C9
_TRISE                                        (abs)        0004CA
_TRISF                                        (abs)        0004CB
_U1BRGH                                       (abs)        0002AF
_U1BRGL                                       (abs)        0002AE
_U1CON0                                       (abs)        0002AB
_U1CON0bits                                   (abs)        0002AB
_U1CON1                                       (abs)        0002AC
_U1CON2                                       (abs)        0002AD
_U1ERRIE                                      (abs)        0002B3
_U1ERRIR                                      (abs)        0002B2
_U1ERRIRbits                                  (abs)        0002B2
_U1FIFO                                       (abs)        0002B0
_U1P1H                                        (abs)        0002A6
_U1P1L                                        (abs)        0002A5
_U1P2H                                        (abs)        0002A8
_U1P2L                                        (abs)        0002A7
_U1P3H                                        (abs)        0002AA
_U1P3L                                        (abs)        0002A9
_U1RXB                                        (abs)        0002A1
_U1RXPPS                                      (abs)        000272
_U1TXB                                        (abs)        0002A3
_U1UIR                                        (abs)        0002B1
_UART1_DefaultErrorHandler                    (abs)        000000
_UART1_DefaultFramingErrorHandler             (abs)        000000
_UART1_DefaultOverrunErrorHandler             (abs)        000000
_UART1_ErrorHandler                           nvCOMRAM     000501
_UART1_FramingErrorHandler                    nvCOMRAM     000507
_UART1_Initialize                             text6        0026BA
_UART1_OverrunErrorHandler                    nvCOMRAM     000504
_UART1_SetErrorHandler                        text9        002984
_UART1_SetFramingErrorHandler                 text8        002976
_UART1_SetOverrunErrorHandler                 text7        002968
_UART1_Write                                  text4        00292C
_UART1_is_tx_ready                            text3        0028A8
_UART1_is_tx_ready$683                        cstackCOMRAM 00050A
_UART1_sendString                             text1        0027EE
_WPUA                                         (abs)        000401
_WPUB                                         (abs)        000409
_WPUC                                         (abs)        000411
_WPUD                                         (abs)        000419
_WPUE                                         (abs)        000421
_WPUF                                         (abs)        000429
__HRAM                                        (abs)        000000
__Habs1                                       abs1         000000
__Hbank10                                     bank10       000000
__Hbank11                                     bank11       000000
__Hbank12                                     bank12       000000
__Hbank13                                     bank13       000000
__Hbank14                                     bank14       000000
__Hbank15                                     bank15       000000
__Hbank16                                     bank16       000000
__Hbank17                                     bank17       000000
__Hbank18                                     bank18       000000
__Hbank19                                     bank19       000000
__Hbank20                                     bank20       000000
__Hbank21                                     bank21       000000
__Hbank22                                     bank22       000000
__Hbank23                                     bank23       000000
__Hbank24                                     bank24       000000
__Hbank25                                     bank25       000000
__Hbank26                                     bank26       000000
__Hbank27                                     bank27       000000
__Hbank28                                     bank28       000000
__Hbank29                                     bank29       000000
__Hbank30                                     bank30       000000
__Hbank31                                     bank31       000000
__Hbank32                                     bank32       000000
__Hbank33                                     bank33       000000
__Hbank34                                     bank34       000000
__Hbank35                                     bank35       000000
__Hbank36                                     bank36       000000
__Hbank5                                      bank5        000000
__Hbank6                                      bank6        000000
__Hbank7                                      bank7        000000
__Hbank8                                      bank8        000000
__Hbank9                                      bank9        000000
__Hbigbss                                     bigbss       000000
__Hbigdata                                    bigdata      000000
__Hbigram                                     bigram       000000
__Hbigsfr                                     bigsfr       000000
__Hbss                                        bss          000000
__HbssCOMRAM                                  bssCOMRAM    000000
__Hcinit                                      cinit        000000
__Hclrtext                                    clrtext      000000
__Hcomram                                     comram       000000
__Hconfig                                     config       30000A
__Hconst                                      const        000000
__HcstackCOMRAM                               cstackCOMRAM 000000
__Hdata                                       data         000000
__Heeprom_data                                eeprom_data  000000
__Hfarbss                                     farbss       000000
__Hfardata                                    fardata      000000
__Hheap                                       heap         000000
__Hibigdata                                   ibigdata     000000
__Hidata                                      idata        000000
__Hidloc                                      idloc        200040
__Hifardata                                   ifardata     000000
__Hinit                                       init         020000
__Hintsave_regs                               intsave_regs 000000
__Hirdata                                     irdata       000000
__Hmediumconst                                mediumconst  000000
__HnvCOMRAM                                   nvCOMRAM     000000
__HnvFARRAM                                   nvFARRAM     000000
__Hnvbit                                      nvbit        000000
__Hnvrram                                     nvrram       000000
__Hparam                                      rparam       000000
__Hpowerup                                    powerup      000000
__Hram                                        ram          000000
__Hramtop                                     ramtop       002600
__Hrbit                                       rbit         000000
__Hrbss                                       rbss         000000
__Hrdata                                      rdata        000000
__Hreset_vec                                  reset_vec    000004
__Hrparam                                     rparam       000000
__Hsfr                                        sfr          000000
__Hsmallconst                                 smallconst   002612
__Hspace_0                                    (abs)        020000
__Hspace_1                                    (abs)        000517
__Hspace_2                                    (abs)        000000
__Hspace_4                                    (abs)        60000A
__Hstack                                      stack        000000
__Hstruct                                     struct       000000
__Htemp                                       temp         000000
__Htext                                       text         000000
__Htext0                                      text0        000000
__Htext1                                      text1        000000
__Htext10                                     text10       000000
__Htext11                                     text11       000000
__Htext12                                     text12       000000
__Htext13                                     text13       000000
__Htext14                                     text14       000000
__Htext15                                     text15       000000
__Htext2                                      text2        000000
__Htext3                                      text3        000000
__Htext4                                      text4        000000
__Htext5                                      text5        000000
__Htext6                                      text6        000000
__Htext7                                      text7        000000
__Htext8                                      text8        000000
__Htext9                                      text9        000000
__LRAM                                        (abs)        000001
__Labs1                                       abs1         000000
__Lbank10                                     bank10       000000
__Lbank11                                     bank11       000000
__Lbank12                                     bank12       000000
__Lbank13                                     bank13       000000
__Lbank14                                     bank14       000000
__Lbank15                                     bank15       000000
__Lbank16                                     bank16       000000
__Lbank17                                     bank17       000000
__Lbank18                                     bank18       000000
__Lbank19                                     bank19       000000
__Lbank20                                     bank20       000000
__Lbank21                                     bank21       000000
__Lbank22                                     bank22       000000
__Lbank23                                     bank23       000000
__Lbank24                                     bank24       000000
__Lbank25                                     bank25       000000
__Lbank26                                     bank26       000000
__Lbank27                                     bank27       000000
__Lbank28                                     bank28       000000
__Lbank29                                     bank29       000000
__Lbank30                                     bank30       000000
__Lbank31                                     bank31       000000
__Lbank32                                     bank32       000000
__Lbank33                                     bank33       000000
__Lbank34                                     bank34       000000
__Lbank35                                     bank35       000000
__Lbank36                                     bank36       000000
__Lbank5                                      bank5        000000
__Lbank6                                      bank6        000000
__Lbank7                                      bank7        000000
__Lbank8                                      bank8        000000
__Lbank9                                      bank9        000000
__Lbigbss                                     bigbss       000000
__Lbigdata                                    bigdata      000000
__Lbigram                                     bigram       000000
__Lbigsfr                                     bigsfr       000000
__Lbss                                        bss          000000
__LbssCOMRAM                                  bssCOMRAM    000000
__Lcinit                                      cinit        000000
__Lclrtext                                    clrtext      000000
__Lcomram                                     comram       000000
__Lconfig                                     config       000000
__Lconst                                      const        000000
__LcstackCOMRAM                               cstackCOMRAM 000000
__Ldata                                       data         000000
__Leeprom_data                                eeprom_data  000000
__Lfarbss                                     farbss       000000
__Lfardata                                    fardata      000000
__Lheap                                       heap         000000
__Libigdata                                   ibigdata     000000
__Lidata                                      idata        000000
__Lidloc                                      idloc        000000
__Lifardata                                   ifardata     000000
__Linit                                       init         01FFFC
__Lintsave_regs                               intsave_regs 000000
__Lirdata                                     irdata       000000
__Lmediumconst                                mediumconst  000000
__LnvCOMRAM                                   nvCOMRAM     000000
__LnvFARRAM                                   nvFARRAM     000000
__Lnvbit                                      nvbit        000000
__Lnvrram                                     nvrram       000000
__Lparam                                      rparam       000000
__Lpowerup                                    powerup      000000
__Lram                                        ram          000000
__Lramtop                                     ramtop       002600
__Lrbit                                       rbit         000000
__Lrbss                                       rbss         000000
__Lrdata                                      rdata        000000
__Lreset_vec                                  reset_vec    000000
__Lrparam                                     rparam       000000
__Lsfr                                        sfr          000000
__Lsmallconst                                 smallconst   002600
__Lspace_0                                    (abs)        000000
__Lspace_1                                    (abs)        000000
__Lspace_2                                    (abs)        000000
__Lspace_4                                    (abs)        000000
__Lstack                                      stack        000000
__Lstruct                                     struct       000000
__Ltemp                                       temp         000000
__Ltext                                       text         000000
__Ltext0                                      text0        000000
__Ltext1                                      text1        000000
__Ltext10                                     text10       000000
__Ltext11                                     text11       000000
__Ltext12                                     text12       000000
__Ltext13                                     text13       000000
__Ltext14                                     text14       000000
__Ltext15                                     text15       000000
__Ltext2                                      text2        000000
__Ltext3                                      text3        000000
__Ltext4                                      text4        000000
__Ltext5                                      text5        000000
__Ltext6                                      text6        000000
__Ltext7                                      text7        000000
__Ltext8                                      text8        000000
__Ltext9                                      text9        000000
__S0                                          (abs)        020000
__S1                                          (abs)        000517
__S4                                          (abs)        000000
__S5                                          (abs)        000000
___heap_hi                                    (abs)        000000
___heap_lo                                    (abs)        000000
___inthi_sp                                   stack        000000
___intlo_sp                                   stack        000000
___param_bank                                 (abs)        000000
___rparam_used                                (abs)        000001
___sp                                         stack        000000
__accesstop                                   (abs)        000560
__activetblptr                                (abs)        000003
__end_of_ADCC_GetSingleConversion             text15       0028A8
__end_of_ADCC_Initialize                      text14       0027EE
__end_of_CCP1_Initialize                      text13       002956
__end_of_OSCILLATOR_Initialize                text12       002912
__end_of_PIN_MANAGER_Initialize               text11       0026BA
__end_of_PMD_Initialize                       text10       0028F6
__end_of_SYSTEM_Initialize                    text5        00292C
__end_of_Send_ADC_to_UART                     text2        002792
__end_of_UART1_Initialize                     text6        00272E
__end_of_UART1_SetErrorHandler                text9        002992
__end_of_UART1_SetFramingErrorHandler         text8        002984
__end_of_UART1_SetOverrunErrorHandler         text7        002976
__end_of_UART1_Write                          text4        002942
__end_of_UART1_is_tx_ready                    text3        0028D2
__end_of_UART1_sendString                     text1        002840
__end_of__initialization                      cinit        002962
__end_of_main                                 text0        002878
__initialization                              cinit        002956
__mediumconst                                 mediumconst  000000
__pbssCOMRAM                                  bssCOMRAM    000511
__pcinit                                      cinit        002956
__pcstackCOMRAM                               cstackCOMRAM 00050A
__pnvCOMRAM                                   nvCOMRAM     000501
__psmallconst                                 smallconst   002600
__ptext0                                      text0        002840
__ptext1                                      text1        0027EE
__ptext10                                     text10       0028D2
__ptext11                                     text11       002612
__ptext12                                     text12       0028F6
__ptext13                                     text13       002942
__ptext14                                     text14       002792
__ptext15                                     text15       002878
__ptext2                                      text2        00272E
__ptext3                                      text3        0028A8
__ptext4                                      text4        00292C
__ptext5                                      text5        002912
__ptext6                                      text6        0026BA
__ptext7                                      text7        002968
__ptext8                                      text8        002976
__ptext9                                      text9        002984
__ramtop                                      ramtop       002600
__smallconst                                  smallconst   002600
_main                                         text0        002840
_temp                                         bssCOMRAM    000511
_uart1RxLastError                             bssCOMRAM    000516
end_of_initialization                         cinit        002962
intlevel0                                     text         000000
intlevel1                                     text         000000
intlevel2                                     text         000000
intlevel3                                     text         000000
isa$std                                       (abs)        000001
isa$xinst                                     (abs)        000000
stackhi                                       (abs)        000000
stacklo                                       (abs)        000000
start                                         init         01FFFC
start_initialization                          cinit        002956


MODULE INFORMATION

Module		Function		Class		Link	Load	Size
mcc_generated_files/ccp1.c
		_CCP1_Initialize		CODE           	2942	0000	20

mcc_generated_files/ccp1.c estimated size: 20

mcc_generated_files/pin_manager.c
		_PIN_MANAGER_Initialize		CODE           	2612	0000	168

mcc_generated_files/pin_manager.c estimated size: 168

mcc_generated_files/uart1.c
		_UART1_Write   		CODE           	292C	0000	22
		_UART1_SetFramingErrorHandler		CODE           	2976	0000	14
		_UART1_SetOverrunErrorHandler		CODE           	2968	0000	14
		_UART1_Initialize		CODE           	26BA	0000	116
		_UART1_SetErrorHandler		CODE           	2984	0000	14
		_UART1_is_tx_ready		CODE           	28A8	0000	42

mcc_generated_files/uart1.c estimated size: 222

shared
		__initialization		CODE           	2956	0000	12

shared estimated size: 12

mcc_generated_files/mcc.c
		_PMD_Initialize		CODE           	28D2	0000	36
		_OSCILLATOR_Initialize		CODE           	28F6	0000	28
		_SYSTEM_Initialize		CODE           	2912	0000	26

mcc_generated_files/mcc.c estimated size: 90

mcc_generated_files/adcc.c
		_ADCC_GetSingleConversion		CODE           	2878	0000	48
		_ADCC_Initialize		CODE           	2792	0000	92

mcc_generated_files/adcc.c estimated size: 140

main.c
		_main          		CODE           	2840	0000	56
		_UART1_sendString		CODE           	27EE	0000	82
		_Send_ADC_to_UART		CODE           	272E	0000	100

main.c estimated size: 238

